<turbo-frame 
  id="main-parts" 
  data-turbo-action="advance" 
  autoscroll 
  data-autoscroll-block="start"
  data-autoscroll-behavior="smooth"
  
>
  <div class="scroll-mt-96">
        <h1>Products</h1>

    <div
      data-controller="pagination"
      data-pagination-url-value="http://www.example.com/products "
      data-pagination-current-page-value="1"
      data-pagination-max-page-value="1"
      data-pagination-request-value="false"
    >
      <div
        id="products"
        class="flex flex-wrap justify-center"  
      >
          <div class="p-4 w-full sm:w-1/2 md:w-1/3 lg:w-1/4" id="product_2">

  <div class="bg-first-100 border border-solid border-red-200 p-4 rounded-md">
    <a data-turbo-action="advance" data-turbo-frame="main-parts" href="/products/2">
      <div class="w-full aspect-square ">
      </div>
      <div class="text-sm line-clamp-2 h-10 my-2">
        <span class="font-bold"></span> product_name_1
      </div>
      <div class="text-lg text-first-500">
        <div class="flex">
          <div class="h-6 aspect-[5]">
            <div class="flex">

    <svg xmlns="http://www.w3.org/2000/svg" viewBox="0 0 100 100" >
        

        <path

            class="stroke-first-500 fill-first-500"
          style="stroke-width:3;stroke-linejoin:round;stroke-opacity:1"
          d="m50 6 10 30h32L66 55l10 31-26-19-26 19 10-31L8 36h32Z"
          transform="translate(-6 -1) scale(1.11674)"
        />
    </svg>
    <svg xmlns="http://www.w3.org/2000/svg" viewBox="0 0 100 100" >
        
          <defs>
            <linearGradient x1="0%" y1="0%" x2="100%" y2="0%" id=100-linear-background>
              <stop offset=0% stop-color="var(--first-500)" />
              <stop offset=0% stop-color="transparent" />
            </linearGradient>
          </defs>

        <path

            fill=url(#100-linear-background)
            class="stroke-first-500"
          style="stroke-width:3;stroke-linejoin:round;stroke-opacity:1"
          d="m50 6 10 30h32L66 55l10 31-26-19-26 19 10-31L8 36h32Z"
          transform="translate(-6 -1) scale(1.11674)"
        />
    </svg>
    <svg xmlns="http://www.w3.org/2000/svg" viewBox="0 0 100 100" >
        

        <path

            class="stroke-first-500 fill-transparent"
          style="stroke-width:3;stroke-linejoin:round;stroke-opacity:1"
          d="m50 6 10 30h32L66 55l10 31-26-19-26 19 10-31L8 36h32Z"
          transform="translate(-6 -1) scale(1.11674)"
        />
    </svg>
    <svg xmlns="http://www.w3.org/2000/svg" viewBox="0 0 100 100" >
        

        <path

            class="stroke-first-500 fill-transparent"
          style="stroke-width:3;stroke-linejoin:round;stroke-opacity:1"
          d="m50 6 10 30h32L66 55l10 31-26-19-26 19 10-31L8 36h32Z"
          transform="translate(-6 -1) scale(1.11674)"
        />
    </svg>
    <svg xmlns="http://www.w3.org/2000/svg" viewBox="0 0 100 100" >
        

        <path

            class="stroke-first-500 fill-transparent"
          style="stroke-width:3;stroke-linejoin:round;stroke-opacity:1"
          d="m50 6 10 30h32L66 55l10 31-26-19-26 19 10-31L8 36h32Z"
          transform="translate(-6 -1) scale(1.11674)"
        />
    </svg>
</div>
          </div>
          <div>
             (1)
          </div>
        </div>
      </div>
      <div class="text-lg text-first-500 font-bold mb-2">
        $1.00
      </div>
</a>    <form class="button_to" method="post" action="/order_items?order_item%5Bproduct_id%5D=2&amp;order_item%5Bquantity%5D=1"><button class="btn-first p-2 w-full font-bold" type="submit">Add to Cart</button></form>
  </div>
    
</div>

      </div>

      <div
        class="w-full h-32 mt-32 flex justify-center"
        data-pagination-target="loading"
      >
        <svg class="animate-spin -ml-1 mr-3 h-6 aspect-square text-first-500" xmlns="http://www.w3.org/2000/svg" fill="none" viewBox="0 0 24 24">
  <circle class="opacity-25" cx="12" cy="12" r="10" stroke="currentColor" stroke-width="4"></circle>
  <circle class="opacity-75" cx="12" cy="12" r="10" stroke="currentColor" stroke-width="4" stroke-dasharray="50% 300%"></circle>
</svg>
      </div>

    </div>

    <a href="/products/new">New product</a>

  </div>
</turbo-frame>
